Nothing to build in platform 'top_wrapper'

21:16:44 **** Incremental Build of configuration Debug for project audio_pass_through ****
make all 
make --no-print-directory pre-build
a9-linaro-pre-build-step
' '
make --no-print-directory main-build
'Building file: ../src/adau1761_iic_config.c'
'Invoking: ARM v7 gcc compiler'
arm-none-eabi-gcc -Wall -O0 -g3 -c -fmessage-length=0 -MT"src/adau1761_iic_config.o" -mcpu=cortex-a9 -mfpu=vfpv3 -mfloat-abi=hard -IC:/Git/audio_pass_through/Vitis_Workspace/top_wrapper/export/top_wrapper/sw/top_wrapper/standalone_ps7_cortexa9_0/bspinclude/include -MMD -MP -MF"src/adau1761_iic_config.d" -MT"src/adau1761_iic_config.o" -o "src/adau1761_iic_config.o" "../src/adau1761_iic_config.c"
'Finished building: ../src/adau1761_iic_config.c'
' '
'Building target: audio_pass_through.elf'
'Invoking: ARM v7 gcc linker'
arm-none-eabi-gcc -mcpu=cortex-a9 -mfpu=vfpv3 -mfloat-abi=hard -Wl,-build-id=none -specs=Xilinx.spec -Wl,-T -Wl,../src/lscript.ld -LC:/Git/audio_pass_through/Vitis_Workspace/top_wrapper/export/top_wrapper/sw/top_wrapper/standalone_ps7_cortexa9_0/bsplib/lib -o "audio_pass_through.elf"  ./src/adau1761_iic_config.o ./src/platform.o   -Wl,--start-group,-lxil,-lgcc,-lc,--end-group
'Finished building target: audio_pass_through.elf'
' '
'Invoking: ARM v7 Print Size'
arm-none-eabi-size audio_pass_through.elf  |tee "audio_pass_through.elf.size"
   text	   data	    bss	    dec	    hex	filename
  27877	   1160	  22680	  51717	   ca05	audio_pass_through.elf
'Finished building: audio_pass_through.elf.size'
' '
21:16:45 **** Incremental Build of configuration Debug for project audio_pass_through_system ****
make all 
Generating bif file for the system project
generate_system_bif.bat 55146 C:/Git/audio_pass_through/Vitis_Workspace/top_wrapper/export/top_wrapper/top_wrapper.xpfm standalone_ps7_cortexa9_0 C:/Git/audio_pass_through/Vitis_Workspace/audio_pass_through_system/Debug/system.bif
sdcard_gen --xpfm C:/Git/audio_pass_through/Vitis_Workspace/top_wrapper/export/top_wrapper/top_wrapper.xpfm --sys_config top_wrapper --bif C:/Git/audio_pass_through/Vitis_Workspace/audio_pass_through_system/Debug/system.bif --bitstream C:/Git/audio_pass_through/Vitis_Workspace/audio_pass_through/_ide/bitstream/top_wrapper.bit --elf C:/Git/audio_pass_through/Vitis_Workspace/audio_pass_through/Debug/audio_pass_through.elf,ps7_cortexa9_0
creating BOOT.BIN using C:/Git/audio_pass_through/Vitis_Workspace/audio_pass_through/_ide/bitstream/top_wrapper.bit
Running C:/Xilinx/Vitis/2021.2/bin/bootgen  -image C:/Git/audio_pass_through/Vitis_Workspace/audio_pass_through_system/Debug/sd_card_temp/boot.bif -w -o i BOOT.BIN
